#: Title : Docker Secret
#: Author : "Caio Abreu Ferreira" <abreuferr_gmail.com>
#: Description : Dcoker Secret
#: Options : distribuicao utilizada - gnu/linux debian


# HELP
#
$ docker secret --help

$ docker secret [COMMAND]

Commands:
  create      criar um secret
  inspect     exibir informacoes sobre o secret
  ls          exibir uma lista do secrets existentes
  rm          remove um ou mais secret

# GERAL
#

$ echo "[MY-SECRET]" > [FILE-NAME].txt
$ docker secret create [SECRET-NAME] [FILE-NAME].txt ; criacao de um secret atraves de um arquivo

# criar um secret
$ echo -n 'my-password' | docker secret create [SECRET-NAME] -
{
  $ echo "minha_senha" | docker secret create senha_db -
  yvnvl1rr209fh033iehor20uc

  $ docker secret ls                            
  ID                          NAME       DRIVER    CREATED         UPDATED
  yvnvl1rr209fh033iehor20uc   senha_db             9 seconds ago   9 seconds ago
}

$ docker service create --name mysql_database --publish 3306:3306/tcp --secret senha_db -e MYSQL_ROOT_PASSWORD_FILE=/run/secrets/senha_db registry:5000/mysql:5.7
$ docker service ps mysql_database                                                                                                                               
  ID             NAME               IMAGE                     NODE      DESIRED STATE   CURRENT STATE           ERROR     PORTS
  xh91vthbygqm   mysql_database.1   registry:5000/mysql:5.7   node01    Running         Running 3 minutes ago             
$ sudo apt-get install mariadb-client -y
$ mysql -h node01 -u root -p